Archive member included to satisfy reference by file (symbol)

d:/atollic/truestudio for stm32 9.3.0/armtools/bin/../lib/gcc/arm-atollic-eabi/6.3.1/../../../../arm-atollic-eabi/lib/armv7e-m/fpu\libc_nano.a(lib_a-atoi.o)
                              Src\main.o (atoi)
d:/atollic/truestudio for stm32 9.3.0/armtools/bin/../lib/gcc/arm-atollic-eabi/6.3.1/../../../../arm-atollic-eabi/lib/armv7e-m/fpu\libc_nano.a(lib_a-errno.o)
                              Src\syscalls.o (__errno)
d:/atollic/truestudio for stm32 9.3.0/armtools/bin/../lib/gcc/arm-atollic-eabi/6.3.1/../../../../arm-atollic-eabi/lib/armv7e-m/fpu\libc_nano.a(lib_a-impure.o)
                              d:/atollic/truestudio for stm32 9.3.0/armtools/bin/../lib/gcc/arm-atollic-eabi/6.3.1/../../../../arm-atollic-eabi/lib/armv7e-m/fpu\libc_nano.a(lib_a-errno.o) (_impure_ptr)
d:/atollic/truestudio for stm32 9.3.0/armtools/bin/../lib/gcc/arm-atollic-eabi/6.3.1/../../../../arm-atollic-eabi/lib/armv7e-m/fpu\libc_nano.a(lib_a-init.o)
                              startup\startup_stm32f446xx.o (__libc_init_array)
d:/atollic/truestudio for stm32 9.3.0/armtools/bin/../lib/gcc/arm-atollic-eabi/6.3.1/../../../../arm-atollic-eabi/lib/armv7e-m/fpu\libc_nano.a(lib_a-memset.o)
                              Src\gpio.o (memset)
d:/atollic/truestudio for stm32 9.3.0/armtools/bin/../lib/gcc/arm-atollic-eabi/6.3.1/../../../../arm-atollic-eabi/lib/armv7e-m/fpu\libc_nano.a(lib_a-strtol.o)
                              d:/atollic/truestudio for stm32 9.3.0/armtools/bin/../lib/gcc/arm-atollic-eabi/6.3.1/../../../../arm-atollic-eabi/lib/armv7e-m/fpu\libc_nano.a(lib_a-atoi.o) (_strtol_r)
d:/atollic/truestudio for stm32 9.3.0/armtools/bin/../lib/gcc/arm-atollic-eabi/6.3.1/../../../../arm-atollic-eabi/lib/armv7e-m/fpu\libc_nano.a(lib_a-locale.o)
                              d:/atollic/truestudio for stm32 9.3.0/armtools/bin/../lib/gcc/arm-atollic-eabi/6.3.1/../../../../arm-atollic-eabi/lib/armv7e-m/fpu\libc_nano.a(lib_a-strtol.o) (__locale_ctype_ptr_l)
d:/atollic/truestudio for stm32 9.3.0/armtools/bin/../lib/gcc/arm-atollic-eabi/6.3.1/../../../../arm-atollic-eabi/lib/armv7e-m/fpu\libc_nano.a(lib_a-mbtowc_r.o)
                              d:/atollic/truestudio for stm32 9.3.0/armtools/bin/../lib/gcc/arm-atollic-eabi/6.3.1/../../../../arm-atollic-eabi/lib/armv7e-m/fpu\libc_nano.a(lib_a-locale.o) (__ascii_mbtowc)
d:/atollic/truestudio for stm32 9.3.0/armtools/bin/../lib/gcc/arm-atollic-eabi/6.3.1/../../../../arm-atollic-eabi/lib/armv7e-m/fpu\libc_nano.a(lib_a-strcmp.o)
                              d:/atollic/truestudio for stm32 9.3.0/armtools/bin/../lib/gcc/arm-atollic-eabi/6.3.1/../../../../arm-atollic-eabi/lib/armv7e-m/fpu\libc_nano.a(lib_a-locale.o) (strcmp)
d:/atollic/truestudio for stm32 9.3.0/armtools/bin/../lib/gcc/arm-atollic-eabi/6.3.1/../../../../arm-atollic-eabi/lib/armv7e-m/fpu\libc_nano.a(lib_a-wctomb_r.o)
                              d:/atollic/truestudio for stm32 9.3.0/armtools/bin/../lib/gcc/arm-atollic-eabi/6.3.1/../../../../arm-atollic-eabi/lib/armv7e-m/fpu\libc_nano.a(lib_a-locale.o) (__ascii_wctomb)
d:/atollic/truestudio for stm32 9.3.0/armtools/bin/../lib/gcc/arm-atollic-eabi/6.3.1/../../../../arm-atollic-eabi/lib/armv7e-m/fpu\libc_nano.a(lib_a-ctype_.o)
                              d:/atollic/truestudio for stm32 9.3.0/armtools/bin/../lib/gcc/arm-atollic-eabi/6.3.1/../../../../arm-atollic-eabi/lib/armv7e-m/fpu\libc_nano.a(lib_a-locale.o) (_ctype_)
d:/atollic/truestudio for stm32 9.3.0/armtools/bin/../lib/gcc/arm-atollic-eabi/6.3.1/armv7e-m/fpu\libgcc.a(_aeabi_uldivmod.o)
                              Drivers\STM32F4xx_HAL_Driver\Src\stm32f4xx_hal_rcc.o (__aeabi_uldivmod)
d:/atollic/truestudio for stm32 9.3.0/armtools/bin/../lib/gcc/arm-atollic-eabi/6.3.1/armv7e-m/fpu\libgcc.a(_udivmoddi4.o)
                              d:/atollic/truestudio for stm32 9.3.0/armtools/bin/../lib/gcc/arm-atollic-eabi/6.3.1/armv7e-m/fpu\libgcc.a(_aeabi_uldivmod.o) (__udivmoddi4)
d:/atollic/truestudio for stm32 9.3.0/armtools/bin/../lib/gcc/arm-atollic-eabi/6.3.1/armv7e-m/fpu\libgcc.a(_dvmd_tls.o)
                              d:/atollic/truestudio for stm32 9.3.0/armtools/bin/../lib/gcc/arm-atollic-eabi/6.3.1/armv7e-m/fpu\libgcc.a(_aeabi_uldivmod.o) (__aeabi_ldiv0)

Allocating common symbols
Common symbol       size              file

uwTick              0x4               Drivers\STM32F4xx_HAL_Driver\Src\stm32f4xx_hal.o
pFlash              0x20              Drivers\STM32F4xx_HAL_Driver\Src\stm32f4xx_hal_flash.o
huart2              0x40              Src\usart.o

Discarded input sections

 .text          0x00000000        0x0 d:/atollic/truestudio for stm32 9.3.0/armtools/bin/../lib/gcc/arm-atollic-eabi/6.3.1/armv7e-m/fpu/crti.o
 .data          0x00000000        0x0 d:/atollic/truestudio for stm32 9.3.0/armtools/bin/../lib/gcc/arm-atollic-eabi/6.3.1/armv7e-m/fpu/crti.o
[...]
Memory Configuration

Name             Origin             Length             Attributes
RAM              0x20000000         0x00020000         xrw
FLASH            0x08000000         0x00080000         xr
*default*        0x00000000         0xffffffff

Linker script and memory map

LOAD d:/atollic/truestudio for stm32 9.3.0/armtools/bin/../lib/gcc/arm-atollic-eabi/6.3.1/armv7e-m/fpu/crti.o
LOAD d:/atollic/truestudio for stm32 9.3.0/armtools/bin/../lib/gcc/arm-atollic-eabi/6.3.1/armv7e-m/fpu/crtbegin.o
LOAD Drivers\STM32F4xx_HAL_Driver\Src\stm32f4xx_hal.o
LOAD Drivers\STM32F4xx_HAL_Driver\Src\stm32f4xx_hal_cortex.o
LOAD Drivers\STM32F4xx_HAL_Driver\Src\stm32f4xx_hal_dma.o
LOAD Drivers\STM32F4xx_HAL_Driver\Src\stm32f4xx_hal_dma_ex.o
LOAD Drivers\STM32F4xx_HAL_Driver\Src\stm32f4xx_hal_exti.o
LOAD Drivers\STM32F4xx_HAL_Driver\Src\stm32f4xx_hal_flash.o
LOAD Drivers\STM32F4xx_HAL_Driver\Src\stm32f4xx_hal_flash_ex.o
LOAD Drivers\STM32F4xx_HAL_Driver\Src\stm32f4xx_hal_flash_ramfunc.o
LOAD Drivers\STM32F4xx_HAL_Driver\Src\stm32f4xx_hal_gpio.o
LOAD Drivers\STM32F4xx_HAL_Driver\Src\stm32f4xx_hal_pwr.o
LOAD Drivers\STM32F4xx_HAL_Driver\Src\stm32f4xx_hal_pwr_ex.o
LOAD Drivers\STM32F4xx_HAL_Driver\Src\stm32f4xx_hal_rcc.o
LOAD Drivers\STM32F4xx_HAL_Driver\Src\stm32f4xx_hal_rcc_ex.o
LOAD Drivers\STM32F4xx_HAL_Driver\Src\stm32f4xx_hal_tim.o
LOAD Drivers\STM32F4xx_HAL_Driver\Src\stm32f4xx_hal_tim_ex.o
LOAD Drivers\STM32F4xx_HAL_Driver\Src\stm32f4xx_hal_uart.o
LOAD Src\btld.o
LOAD Src\gpio.o
LOAD Src\main.o
LOAD Src\stm32f4xx_hal_msp.o
LOAD Src\stm32f4xx_it.o
LOAD Src\syscalls.o
LOAD Src\system_stm32f4xx.o
LOAD Src\usart.o
LOAD startup\startup_stm32f446xx.o
                0x00000080                malloc_getpagesize_P = 0x80
START GROUP
LOAD d:/atollic/truestudio for stm32 9.3.0/armtools/bin/../lib/gcc/arm-atollic-eabi/6.3.1/../../../../arm-atollic-eabi/lib/armv7e-m/fpu\libc_nano.a
LOAD d:/atollic/truestudio for stm32 9.3.0/armtools/bin/../lib/gcc/arm-atollic-eabi/6.3.1/../../../../arm-atollic-eabi/lib/armv7e-m/fpu\libm.a
END GROUP
START GROUP
LOAD d:/atollic/truestudio for stm32 9.3.0/armtools/bin/../lib/gcc/arm-atollic-eabi/6.3.1/armv7e-m/fpu\libgcc.a
LOAD d:/atollic/truestudio for stm32 9.3.0/armtools/bin/../lib/gcc/arm-atollic-eabi/6.3.1/../../../../arm-atollic-eabi/lib/armv7e-m/fpu\libc_nano.a
END GROUP
START GROUP
LOAD d:/atollic/truestudio for stm32 9.3.0/armtools/bin/../lib/gcc/arm-atollic-eabi/6.3.1/armv7e-m/fpu\libgcc.a
LOAD d:/atollic/truestudio for stm32 9.3.0/armtools/bin/../lib/gcc/arm-atollic-eabi/6.3.1/../../../../arm-atollic-eabi/lib/armv7e-m/fpu\libc_nano.a
LOAD d:/atollic/truestudio for stm32 9.3.0/armtools/bin/../lib/gcc/arm-atollic-eabi/6.3.1/../../../../arm-atollic-eabi/lib/armv7e-m/fpu\libnosys.a
END GROUP
START GROUP
LOAD d:/atollic/truestudio for stm32 9.3.0/armtools/bin/../lib/gcc/arm-atollic-eabi/6.3.1/armv7e-m/fpu\libgcc.a
LOAD d:/atollic/truestudio for stm32 9.3.0/armtools/bin/../lib/gcc/arm-atollic-eabi/6.3.1/../../../../arm-atollic-eabi/lib/armv7e-m/fpu\libc_nano.a
LOAD d:/atollic/truestudio for stm32 9.3.0/armtools/bin/../lib/gcc/arm-atollic-eabi/6.3.1/../../../../arm-atollic-eabi/lib/armv7e-m/fpu\libnosys.a
END GROUP
LOAD d:/atollic/truestudio for stm32 9.3.0/armtools/bin/../lib/gcc/arm-atollic-eabi/6.3.1/armv7e-m/fpu/crtend.o
LOAD d:/atollic/truestudio for stm32 9.3.0/armtools/bin/../lib/gcc/arm-atollic-eabi/6.3.1/armv7e-m/fpu/crtn.o
                0x20020000                _estack = 0x20020000
                0x00000200                _Min_Heap_Size = 0x200
                0x00000400                _Min_Stack_Size = 0x400

.isr_vector     0x08000000      0x1c4
                0x08000000                . = ALIGN (0x4)
 *(.isr_vector)
 .isr_vector    0x08000000      0x1c4 startup\startup_stm32f446xx.o
                0x08000000                g_pfnVectors
                0x080001c4                . = ALIGN (0x4)

.text           0x080001c4     0x17f8
                0x080001c4                . = ALIGN (0x4)
 *(.text)
 .text          0x080001c4       0x40 d:/atollic/truestudio for stm32 9.3.0/armtools/bin/../lib/gcc/arm-atollic-eabi/6.3.1/armv7e-m/fpu/crtbegin.o
 .text          0x08000204       0x30 d:/atollic/truestudio for stm32 9.3.0/armtools/bin/../lib/gcc/arm-atollic-eabi/6.3.1/armv7e-m/fpu\libgcc.a(_aeabi_uldivmod.o)
                0x08000204                __aeabi_uldivmod
 .text          0x08000234      0x2dc d:/atollic/truestudio for stm32 9.3.0/armtools/bin/../lib/gcc/arm-atollic-eabi/6.3.1/armv7e-m/fpu\libgcc.a(_udivmoddi4.o)
                0x08000234                __udivmoddi4
 .text          0x08000510        0x4 d:/atollic/truestudio for stm32 9.3.0/armtools/bin/../lib/gcc/arm-atollic-eabi/6.3.1/armv7e-m/fpu\libgcc.a(_dvmd_tls.o)
                0x08000510                __aeabi_idiv0
                0x08000510                __aeabi_ldiv0
 *(.text*)
 .text.HAL_MspDeInit
                0x08000514        0x2 Drivers\STM32F4xx_HAL_Driver\Src\stm32f4xx_hal.o
                0x08000514                HAL_MspDeInit
 *fill*         0x08000516        0x2 
 .text.HAL_DeInit
                0x08000518       0x2c Drivers\STM32F4xx_HAL_Driver\Src\stm32f4xx_hal.o
                0x08000518                HAL_DeInit
 .text.HAL_InitTick
                0x08000544       0x48 Drivers\STM32F4xx_HAL_Driver\Src\stm32f4xx_hal.o
                0x08000544                HAL_InitTick
 .text.HAL_Init
                0x0800058c       0x34 Drivers\STM32F4xx_HAL_Driver\Src\stm32f4xx_hal.o
                0x0800058c                HAL_Init
 .text.HAL_IncTick
                0x080005c0       0x18 Drivers\STM32F4xx_HAL_Driver\Src\stm32f4xx_hal.o
                0x080005c0                HAL_IncTick
 .text.HAL_GetTick
                0x080005d8        0xc Drivers\STM32F4xx_HAL_Driver\Src\stm32f4xx_hal.o
                0x080005d8                HAL_GetTick
 .text.HAL_Delay
                0x080005e4       0x28 Drivers\STM32F4xx_HAL_Driver\Src\stm32f4xx_hal.o
                0x080005e4                HAL_Delay
 .text.HAL_NVIC_SetPriorityGrouping
                0x0800060c       0x24 Drivers\STM32F4xx_HAL_Driver\Src\stm32f4xx_hal_cortex.o
                0x0800060c                HAL_NVIC_SetPriorityGrouping
 .text.HAL_NVIC_SetPriority
                0x08000630       0x68 Drivers\STM32F4xx_HAL_Driver\Src\stm32f4xx_hal_cortex.o
                0x08000630                HAL_NVIC_SetPriority
 .text.HAL_SYSTICK_Config
                0x08000698       0x2c Drivers\STM32F4xx_HAL_Driver\Src\stm32f4xx_hal_cortex.o
                0x08000698                HAL_SYSTICK_Config
 .text.HAL_GPIO_Init
                0x080006c4      0x1b4 Drivers\STM32F4xx_HAL_Driver\Src\stm32f4xx_hal_gpio.o
                0x080006c4                HAL_GPIO_Init
 .text.HAL_GPIO_DeInit
                0x08000878      0x10c Drivers\STM32F4xx_HAL_Driver\Src\stm32f4xx_hal_gpio.o
                0x08000878                HAL_GPIO_DeInit
 .text.HAL_GPIO_WritePin
                0x08000984        0xa Drivers\STM32F4xx_HAL_Driver\Src\stm32f4xx_hal_gpio.o
                0x08000984                HAL_GPIO_WritePin
 .text.HAL_GPIO_TogglePin
                0x0800098e        0xe Drivers\STM32F4xx_HAL_Driver\Src\stm32f4xx_hal_gpio.o
                0x0800098e                HAL_GPIO_TogglePin
 .text.HAL_RCC_ClockConfig
                0x0800099c      0x134 Drivers\STM32F4xx_HAL_Driver\Src\stm32f4xx_hal_rcc.o
                0x0800099c                HAL_RCC_ClockConfig
 .text.HAL_RCC_GetPCLK1Freq
                0x08000ad0       0x20 Drivers\STM32F4xx_HAL_Driver\Src\stm32f4xx_hal_rcc.o
                0x08000ad0                HAL_RCC_GetPCLK1Freq
 .text.HAL_RCC_GetPCLK2Freq
                0x08000af0       0x20 Drivers\STM32F4xx_HAL_Driver\Src\stm32f4xx_hal_rcc.o
                0x08000af0                HAL_RCC_GetPCLK2Freq
 .text.HAL_RCC_GetSysClockFreq
                0x08000b10       0x90 Drivers\STM32F4xx_HAL_Driver\Src\stm32f4xx_hal_rcc_ex.o
                0x08000b10                HAL_RCC_GetSysClockFreq
 .text.HAL_RCC_DeInit
                0x08000ba0      0x150 Drivers\STM32F4xx_HAL_Driver\Src\stm32f4xx_hal_rcc_ex.o
                0x08000ba0                HAL_RCC_DeInit
 .text.HAL_RCC_OscConfig
                0x08000cf0      0x334 Drivers\STM32F4xx_HAL_Driver\Src\stm32f4xx_hal_rcc_ex.o
                0x08000cf0                HAL_RCC_OscConfig
 .text.UART_SetConfig
                0x08001024      0x234 Drivers\STM32F4xx_HAL_Driver\Src\stm32f4xx_hal_uart.o
 .text.HAL_UART_Init
                0x08001258       0x5c Drivers\STM32F4xx_HAL_Driver\Src\stm32f4xx_hal_uart.o
                0x08001258                HAL_UART_Init
 .text.HAL_UART_DeInit
                0x080012b4       0x30 Drivers\STM32F4xx_HAL_Driver\Src\stm32f4xx_hal_uart.o
                0x080012b4                HAL_UART_DeInit
 .text.hal_independent_flash_unlock
                0x080012e4       0x24 Src\btld.o
                0x080012e4                hal_independent_flash_unlock
 .text.hal_independent_erase_flash_sector
                0x08001308       0x40 Src\btld.o
                0x08001308                hal_independent_erase_flash_sector
 .text.hal_independent_write_flash_8
                0x08001348       0x30 Src\btld.o
                0x08001348                hal_independent_write_flash_8
 .text.hal_independent_flash_lock
                0x08001378       0x10 Src\btld.o
                0x08001378                hal_independent_flash_lock
 .text.MX_GPIO_Init
                0x08001388       0xac Src\gpio.o
                0x08001388                MX_GPIO_Init
 .text.Flash_StartApplication
                0x08001434       0x14 Src\main.o
                0x08001434                Flash_StartApplication
 .text.hal_independent_uart_send
                0x08001448       0x1c Src\main.o
                0x08001448                hal_independent_uart_send
 .text.hal_independent_uart_receive
                0x08001464       0x2c Src\main.o
                0x08001464                hal_independent_uart_receive
 .text.hal_independent_uart_get_one_byte
                0x08001490       0x14 Src\main.o
                0x08001490                hal_independent_uart_get_one_byte
 .text.erase_and_flash_sector_via_uart
                0x080014a4       0x68 Src\main.o
                0x080014a4                erase_and_flash_sector_via_uart
 .text.SystemClock_Config
                0x0800150c       0x94 Src\main.o
                0x0800150c                SystemClock_Config
 .text.startup.main
                0x080015a0       0x6c Src\main.o
                0x080015a0                main
 .text.Error_Handler
                0x0800160c        0x2 Src\main.o
                0x0800160c                Error_Handler
 *fill*         0x0800160e        0x2 
 .text.HAL_MspInit
                0x08001610       0x40 Src\stm32f4xx_hal_msp.o
                0x08001610                HAL_MspInit
 .text.NMI_Handler
                0x08001650        0x2 Src\stm32f4xx_it.o
                0x08001650                NMI_Handler
 .text.HardFault_Handler
                0x08001652        0x2 Src\stm32f4xx_it.o
                0x08001652                HardFault_Handler
 .text.MemManage_Handler
                0x08001654        0x2 Src\stm32f4xx_it.o
                0x08001654                MemManage_Handler
 .text.BusFault_Handler
                0x08001656        0x2 Src\stm32f4xx_it.o
                0x08001656                BusFault_Handler
 .text.UsageFault_Handler
                0x08001658        0x2 Src\stm32f4xx_it.o
                0x08001658                UsageFault_Handler
 .text.SVC_Handler
                0x0800165a        0x2 Src\stm32f4xx_it.o
                0x0800165a                SVC_Handler
 .text.DebugMon_Handler
                0x0800165c        0x2 Src\stm32f4xx_it.o
                0x0800165c                DebugMon_Handler
 .text.PendSV_Handler
                0x0800165e        0x2 Src\stm32f4xx_it.o
                0x0800165e                PendSV_Handler
 .text.SysTick_Handler
                0x08001660        0x4 Src\stm32f4xx_it.o
                0x08001660                SysTick_Handler
 .text.SystemInit
                0x08001664       0x4c Src\system_stm32f4xx.o
                0x08001664                SystemInit
 .text.MX_USART2_UART_Init
                0x080016b0       0x38 Src\usart.o
                0x080016b0                MX_USART2_UART_Init
 .text.HAL_UART_MspInit
                0x080016e8       0x70 Src\usart.o
                0x080016e8                HAL_UART_MspInit
 .text.HAL_UART_MspDeInit
                0x08001758       0x28 Src\usart.o
                0x08001758                HAL_UART_MspDeInit
 .text.Reset_Handler
                0x08001780       0x50 startup\startup_stm32f446xx.o
                0x08001780                Reset_Handler
 .text.Default_Handler
                0x080017d0        0x2 startup\startup_stm32f446xx.o
                0x080017d0                RTC_Alarm_IRQHandler
                0x080017d0                EXTI2_IRQHandler
                0x080017d0                TIM8_CC_IRQHandler
                0x080017d0                FMPI2C1_EV_IRQHandler
                0x080017d0                SPI4_IRQHandler
                0x080017d0                TIM1_CC_IRQHandler
                0x080017d0                DMA2_Stream5_IRQHandler
                0x080017d0                DMA1_Stream5_IRQHandler
                0x080017d0                PVD_IRQHandler
                0x080017d0                SDIO_IRQHandler
                0x080017d0                TAMP_STAMP_IRQHandler
                0x080017d0                CAN2_RX1_IRQHandler
                0x080017d0                EXTI3_IRQHandler
                0x080017d0                TIM8_TRG_COM_TIM14_IRQHandler
                0x080017d0                TIM1_UP_TIM10_IRQHandler
                0x080017d0                TIM8_UP_TIM13_IRQHandler
                0x080017d0                I2C3_ER_IRQHandler
                0x080017d0                EXTI0_IRQHandler
                0x080017d0                I2C2_EV_IRQHandler
                0x080017d0                DMA1_Stream2_IRQHandler
                0x080017d0                CAN1_RX0_IRQHandler
                0x080017d0                FPU_IRQHandler
                0x080017d0                OTG_HS_WKUP_IRQHandler
                0x080017d0                CAN2_SCE_IRQHandler
                0x080017d0                DMA2_Stream2_IRQHandler
                0x080017d0                SPI1_IRQHandler
                0x080017d0                TIM6_DAC_IRQHandler
                0x080017d0                TIM1_BRK_TIM9_IRQHandler
                0x080017d0                DCMI_IRQHandler
                0x080017d0                CAN2_RX0_IRQHandler
                0x080017d0                DMA2_Stream3_IRQHandler
                0x080017d0                SAI2_IRQHandler
                0x080017d0                USART6_IRQHandler
                0x080017d0                USART3_IRQHandler
                0x080017d0                CAN1_RX1_IRQHandler
                0x080017d0                UART5_IRQHandler
                0x080017d0                DMA2_Stream0_IRQHandler
                0x080017d0                TIM4_IRQHandler
                0x080017d0                QUADSPI_IRQHandler
                0x080017d0                I2C1_EV_IRQHandler
                0x080017d0                DMA1_Stream6_IRQHandler
                0x080017d0                DMA1_Stream1_IRQHandler
                0x080017d0                UART4_IRQHandler
                0x080017d0                TIM3_IRQHandler
                0x080017d0                RCC_IRQHandler
                0x080017d0                TIM8_BRK_TIM12_IRQHandler
                0x080017d0                Default_Handler
                0x080017d0                CEC_IRQHandler
                0x080017d0                EXTI15_10_IRQHandler
                0x080017d0                ADC_IRQHandler
                0x080017d0                DMA1_Stream7_IRQHandler
                0x080017d0                TIM7_IRQHandler
                0x080017d0                CAN2_TX_IRQHandler
                0x080017d0                TIM5_IRQHandler
                0x080017d0                DMA2_Stream7_IRQHandler
                0x080017d0                I2C3_EV_IRQHandler
                0x080017d0                EXTI9_5_IRQHandler
                0x080017d0                RTC_WKUP_IRQHandler
                0x080017d0                SPDIF_RX_IRQHandler
                0x080017d0                SPI2_IRQHandler
                0x080017d0                OTG_HS_EP1_IN_IRQHandler
                0x080017d0                DMA1_Stream0_IRQHandler
                0x080017d0                CAN1_TX_IRQHandler
                0x080017d0                FMPI2C1_ER_IRQHandler
                0x080017d0                EXTI4_IRQHandler
                0x080017d0                OTG_HS_EP1_OUT_IRQHandler
                0x080017d0                WWDG_IRQHandler
                0x080017d0                TIM2_IRQHandler
                0x080017d0                OTG_FS_WKUP_IRQHandler
                0x080017d0                TIM1_TRG_COM_TIM11_IRQHandler
                0x080017d0                OTG_HS_IRQHandler
                0x080017d0                EXTI1_IRQHandler
                0x080017d0                USART2_IRQHandler
                0x080017d0                I2C2_ER_IRQHandler
                0x080017d0                DMA2_Stream1_IRQHandler
                0x080017d0                CAN1_SCE_IRQHandler
                0x080017d0                FLASH_IRQHandler
                0x080017d0                DMA2_Stream4_IRQHandler
                0x080017d0                USART1_IRQHandler
                0x080017d0                OTG_FS_IRQHandler
                0x080017d0                SPI3_IRQHandler
                0x080017d0                DMA1_Stream4_IRQHandler
                0x080017d0                I2C1_ER_IRQHandler
                0x080017d0                FMC_IRQHandler
                0x080017d0                DMA2_Stream6_IRQHandler
                0x080017d0                SAI1_IRQHandler
                0x080017d0                DMA1_Stream3_IRQHandler
 .text.atoi     0x080017d2        0x8 d:/atollic/truestudio for stm32 9.3.0/armtools/bin/../lib/gcc/arm-atollic-eabi/6.3.1/../../../../arm-atollic-eabi/lib/armv7e-m/fpu\libc_nano.a(lib_a-atoi.o)
                0x080017d2                atoi
 *fill*         0x080017da        0x2 
 .text.__libc_init_array
                0x080017dc       0x48 d:/atollic/truestudio for stm32 9.3.0/armtools/bin/../lib/gcc/arm-atollic-eabi/6.3.1/../../../../arm-atollic-eabi/lib/armv7e-m/fpu\libc_nano.a(lib_a-init.o)
                0x080017dc                __libc_init_array
 .text.memset   0x08001824       0x10 d:/atollic/truestudio for stm32 9.3.0/armtools/bin/../lib/gcc/arm-atollic-eabi/6.3.1/../../../../arm-atollic-eabi/lib/armv7e-m/fpu\libc_nano.a(lib_a-memset.o)
                0x08001824                memset
 .text._strtol_l.isra.0
                0x08001834      0x100 d:/atollic/truestudio for stm32 9.3.0/armtools/bin/../lib/gcc/arm-atollic-eabi/6.3.1/../../../../arm-atollic-eabi/lib/armv7e-m/fpu\libc_nano.a(lib_a-strtol.o)
 .text.strtol   0x08001934       0x2c d:/atollic/truestudio for stm32 9.3.0/armtools/bin/../lib/gcc/arm-atollic-eabi/6.3.1/../../../../arm-atollic-eabi/lib/armv7e-m/fpu\libc_nano.a(lib_a-strtol.o)
                0x08001934                strtol
 .text.__locale_ctype_ptr_l
                0x08001960        0x6 d:/atollic/truestudio for stm32 9.3.0/armtools/bin/../lib/gcc/arm-atollic-eabi/6.3.1/../../../../arm-atollic-eabi/lib/armv7e-m/fpu\libc_nano.a(lib_a-locale.o)
                0x08001960                __locale_ctype_ptr_l
 .text.__ascii_mbtowc
                0x08001966       0x24 d:/atollic/truestudio for stm32 9.3.0/armtools/bin/../lib/gcc/arm-atollic-eabi/6.3.1/../../../../arm-atollic-eabi/lib/armv7e-m/fpu\libc_nano.a(lib_a-mbtowc_r.o)
                0x08001966                __ascii_mbtowc
 .text.__ascii_wctomb
                0x0800198a       0x1a d:/atollic/truestudio for stm32 9.3.0/armtools/bin/../lib/gcc/arm-atollic-eabi/6.3.1/../../../../arm-atollic-eabi/lib/armv7e-m/fpu\libc_nano.a(lib_a-wctomb_r.o)
                0x0800198a                __ascii_wctomb
 *(.glue_7)
 .glue_7        0x080019a4        0x0 linker stubs
 *(.glue_7t)
 .glue_7t       0x080019a4        0x0 linker stubs
 *(.eh_frame)
 .eh_frame      0x080019a4        0x0 d:/atollic/truestudio for stm32 9.3.0/armtools/bin/../lib/gcc/arm-atollic-eabi/6.3.1/armv7e-m/fpu/crtbegin.o
 *(.init)
 .init          0x080019a4        0x4 d:/atollic/truestudio for stm32 9.3.0/armtools/bin/../lib/gcc/arm-atollic-eabi/6.3.1/armv7e-m/fpu/crti.o
                0x080019a4                _init
 .init          0x080019a8        0x8 d:/atollic/truestudio for stm32 9.3.0/armtools/bin/../lib/gcc/arm-atollic-eabi/6.3.1/armv7e-m/fpu/crtn.o
 *(.fini)
 .fini          0x080019b0        0x4 d:/atollic/truestudio for stm32 9.3.0/armtools/bin/../lib/gcc/arm-atollic-eabi/6.3.1/armv7e-m/fpu/crti.o
                0x080019b0                _fini
 .fini          0x080019b4        0x8 d:/atollic/truestudio for stm32 9.3.0/armtools/bin/../lib/gcc/arm-atollic-eabi/6.3.1/armv7e-m/fpu/crtn.o
                0x080019bc                . = ALIGN (0x4)
                0x080019bc                _etext = .

.vfp11_veneer   0x080019bc        0x0
 .vfp11_veneer  0x080019bc        0x0 linker stubs

.v4_bx          0x080019bc        0x0
 .v4_bx         0x080019bc        0x0 linker stubs

.iplt           0x080019bc        0x0
 .iplt          0x080019bc        0x0 d:/atollic/truestudio for stm32 9.3.0/armtools/bin/../lib/gcc/arm-atollic-eabi/6.3.1/armv7e-m/fpu/crtbegin.o

.rodata         0x080019bc      0x170
                0x080019bc                . = ALIGN (0x4)
 *(.rodata)
 *(.rodata*)
 .rodata.erase_and_flash_sector_via_uart.str1.1
                0x080019bc       0x14 Src\main.o
 .rodata.main.str1.1
                0x080019d0       0x37 Src\main.o
 .rodata.AHBPrescTable
                0x08001a07       0x10 Src\system_stm32f4xx.o
                0x08001a07                AHBPrescTable
 .rodata.APBPrescTable
                0x08001a17        0x8 Src\system_stm32f4xx.o
                0x08001a17                APBPrescTable
 .rodata._setlocale_r.str1.1
                0x08001a1f        0x8 d:/atollic/truestudio for stm32 9.3.0/armtools/bin/../lib/gcc/arm-atollic-eabi/6.3.1/../../../../arm-atollic-eabi/lib/armv7e-m/fpu\libc_nano.a(lib_a-locale.o)
                                  0x9 (size before relaxing)
 .rodata.str1.1
                0x08001a27        0x2 d:/atollic/truestudio for stm32 9.3.0/armtools/bin/../lib/gcc/arm-atollic-eabi/6.3.1/../../../../arm-atollic-eabi/lib/armv7e-m/fpu\libc_nano.a(lib_a-locale.o)
 .rodata._ctype_
                0x08001a29      0x101 d:/atollic/truestudio for stm32 9.3.0/armtools/bin/../lib/gcc/arm-atollic-eabi/6.3.1/../../../../arm-atollic-eabi/lib/armv7e-m/fpu\libc_nano.a(lib_a-ctype_.o)
                0x08001a29                _ctype_
                0x08001b2c                . = ALIGN (0x4)
 *fill*         0x08001b2a        0x2 

.ARM.extab
 *(.ARM.extab* .gnu.linkonce.armextab.*)

.ARM            0x08001b2c        0x8
                0x08001b2c                __exidx_start = .
 *(.ARM.exidx*)
 .ARM.exidx     0x08001b2c        0x8 d:/atollic/truestudio for stm32 9.3.0/armtools/bin/../lib/gcc/arm-atollic-eabi/6.3.1/armv7e-m/fpu\libgcc.a(_udivmoddi4.o)
                0x08001b34                __exidx_end = .

.rel.dyn        0x08001b34        0x0
 .rel.iplt      0x08001b34        0x0 d:/atollic/truestudio for stm32 9.3.0/armtools/bin/../lib/gcc/arm-atollic-eabi/6.3.1/armv7e-m/fpu/crtbegin.o

.preinit_array  0x08001b34        0x0
                0x08001b34                PROVIDE (__preinit_array_start, .)
 *(.preinit_array*)
                0x08001b34                PROVIDE (__preinit_array_end, .)

.init_array     0x08001b34        0x4
                0x08001b34                PROVIDE (__init_array_start, .)
 *(SORT(.init_array.*))
 *(.init_array*)
 .init_array    0x08001b34        0x4 d:/atollic/truestudio for stm32 9.3.0/armtools/bin/../lib/gcc/arm-atollic-eabi/6.3.1/armv7e-m/fpu/crtbegin.o
                0x08001b38                PROVIDE (__init_array_end, .)

.fini_array     0x08001b38        0x4
                [!provide]                PROVIDE (__fini_array_start, .)
 *(SORT(.fini_array.*))
 *(.fini_array*)
 .fini_array    0x08001b38        0x4 d:/atollic/truestudio for stm32 9.3.0/armtools/bin/../lib/gcc/arm-atollic-eabi/6.3.1/armv7e-m/fpu/crtbegin.o
                [!provide]                PROVIDE (__fini_array_end, .)
                0x08001b3c                _sidata = LOADADDR (.data)

.data           0x20000000      0x1dc load address 0x08001b3c
                0x20000000                . = ALIGN (0x4)
                0x20000000                _sdata = .
 *(.data)
 *(.data*)
 .data.uwTickFreq
                0x20000000        0x1 Drivers\STM32F4xx_HAL_Driver\Src\stm32f4xx_hal.o
                0x20000000                uwTickFreq
 *fill*         0x20000001        0x3 
 .data.uwTickPrio
                0x20000004        0x4 Drivers\STM32F4xx_HAL_Driver\Src\stm32f4xx_hal.o
                0x20000004                uwTickPrio
 .data.SystemCoreClock
                0x20000008        0x4 Src\system_stm32f4xx.o
                0x20000008                SystemCoreClock
 .data._impure_ptr
                0x2000000c        0x4 d:/atollic/truestudio for stm32 9.3.0/armtools/bin/../lib/gcc/arm-atollic-eabi/6.3.1/../../../../arm-atollic-eabi/lib/armv7e-m/fpu\libc_nano.a(lib_a-impure.o)
                0x2000000c                _impure_ptr
 .data.impure_data
                0x20000010       0x60 d:/atollic/truestudio for stm32 9.3.0/armtools/bin/../lib/gcc/arm-atollic-eabi/6.3.1/../../../../arm-atollic-eabi/lib/armv7e-m/fpu\libc_nano.a(lib_a-impure.o)
 .data.__global_locale
                0x20000070      0x16c d:/atollic/truestudio for stm32 9.3.0/armtools/bin/../lib/gcc/arm-atollic-eabi/6.3.1/../../../../arm-atollic-eabi/lib/armv7e-m/fpu\libc_nano.a(lib_a-locale.o)
                0x20000070                __global_locale
                0x200001dc                . = ALIGN (0x4)
                0x200001dc                _edata = .

.igot.plt       0x200001dc        0x0 load address 0x08001d18
 .igot.plt      0x200001dc        0x0 d:/atollic/truestudio for stm32 9.3.0/armtools/bin/../lib/gcc/arm-atollic-eabi/6.3.1/armv7e-m/fpu/crtbegin.o
                0x200001dc                . = ALIGN (0x4)

.bss            0x200001dc       0x60 load address 0x08001d18
                0x200001dc                _sbss = .
                0x200001dc                __bss_start__ = _sbss
 *(.bss)
 .bss           0x200001dc       0x1c d:/atollic/truestudio for stm32 9.3.0/armtools/bin/../lib/gcc/arm-atollic-eabi/6.3.1/armv7e-m/fpu/crtbegin.o
 *(.bss*)
 *(COMMON)
 COMMON         0x200001f8        0x4 Drivers\STM32F4xx_HAL_Driver\Src\stm32f4xx_hal.o
                0x200001f8                uwTick
 COMMON         0x200001fc       0x40 Src\usart.o
                0x200001fc                huart2
                0x2000023c                . = ALIGN (0x4)
                0x2000023c                _ebss = .
                0x2000023c                __bss_end__ = _ebss

._user_heap_stack
                0x2000023c      0x600 load address 0x08001d18
                0x2000023c                . = ALIGN (0x4)
                0x2000023c                PROVIDE (end, .)
                [!provide]                PROVIDE (_end, .)
                0x2000043c                . = (. + _Min_Heap_Size)
 *fill*         0x2000023c      0x200 
                0x2000083c                . = (. + _Min_Stack_Size)
 *fill*         0x2000043c      0x400 
                0x2000083c                . = ALIGN (0x4)

/DISCARD/
 libc.a(*)
 libm.a(*)
 libgcc.a(*)

.ARM.attributes
                0x00000000       0x30
 *(.ARM.attributes)
 .ARM.attributes
                0x00000000       0x22 d:/atollic/truestudio for stm32 9.3.0/armtools/bin/../lib/gcc/arm-atollic-eabi/6.3.1/armv7e-m/fpu/crti.o
 .ARM.attributes
                0x00000022       0x34 d:/atollic/truestudio for stm32 9.3.0/armtools/bin/../lib/gcc/arm-atollic-eabi/6.3.1/armv7e-m/fpu/crtbegin.o
 .ARM.attributes
                0x00000056       0x39 Drivers\STM32F4xx_HAL_Driver\Src\stm32f4xx_hal.o
 .ARM.attributes
                0x0000008f       0x39 Drivers\STM32F4xx_HAL_Driver\Src\stm32f4xx_hal_cortex.o
 .ARM.attributes
                0x000000c8       0x39 Drivers\STM32F4xx_HAL_Driver\Src\stm32f4xx_hal_gpio.o
 .ARM.attributes
                0x00000101       0x39 Drivers\STM32F4xx_HAL_Driver\Src\stm32f4xx_hal_rcc.o
 .ARM.attributes
                0x0000013a       0x39 Drivers\STM32F4xx_HAL_Driver\Src\stm32f4xx_hal_rcc_ex.o
 .ARM.attributes
                0x00000173       0x39 Drivers\STM32F4xx_HAL_Driver\Src\stm32f4xx_hal_uart.o
 .ARM.attributes
                0x000001ac       0x39 Src\btld.o
 .ARM.attributes
                0x000001e5       0x39 Src\gpio.o
 .ARM.attributes
                0x0000021e       0x39 Src\main.o
 .ARM.attributes
                0x00000257       0x39 Src\stm32f4xx_hal_msp.o
 .ARM.attributes
                0x00000290       0x39 Src\stm32f4xx_it.o
 .ARM.attributes
                0x000002c9       0x39 Src\system_stm32f4xx.o
 .ARM.attributes
                0x00000302       0x39 Src\usart.o
 .ARM.attributes
                0x0000033b       0x21 startup\startup_stm32f446xx.o
 .ARM.attributes
                0x0000035c       0x34 d:/atollic/truestudio for stm32 9.3.0/armtools/bin/../lib/gcc/arm-atollic-eabi/6.3.1/../../../../arm-atollic-eabi/lib/armv7e-m/fpu\libc_nano.a(lib_a-atoi.o)
 .ARM.attributes
                0x00000390       0x34 d:/atollic/truestudio for stm32 9.3.0/armtools/bin/../lib/gcc/arm-atollic-eabi/6.3.1/../../../../arm-atollic-eabi/lib/armv7e-m/fpu\libc_nano.a(lib_a-impure.o)
 .ARM.attributes
                0x000003c4       0x34 d:/atollic/truestudio for stm32 9.3.0/armtools/bin/../lib/gcc/arm-atollic-eabi/6.3.1/../../../../arm-atollic-eabi/lib/armv7e-m/fpu\libc_nano.a(lib_a-init.o)
 .ARM.attributes
                0x000003f8       0x34 d:/atollic/truestudio for stm32 9.3.0/armtools/bin/../lib/gcc/arm-atollic-eabi/6.3.1/../../../../arm-atollic-eabi/lib/armv7e-m/fpu\libc_nano.a(lib_a-memset.o)
 .ARM.attributes
                0x0000042c       0x34 d:/atollic/truestudio for stm32 9.3.0/armtools/bin/../lib/gcc/arm-atollic-eabi/6.3.1/../../../../arm-atollic-eabi/lib/armv7e-m/fpu\libc_nano.a(lib_a-strtol.o)
 .ARM.attributes
                0x00000460       0x34 d:/atollic/truestudio for stm32 9.3.0/armtools/bin/../lib/gcc/arm-atollic-eabi/6.3.1/../../../../arm-atollic-eabi/lib/armv7e-m/fpu\libc_nano.a(lib_a-locale.o)
 .ARM.attributes
                0x00000494       0x34 d:/atollic/truestudio for stm32 9.3.0/armtools/bin/../lib/gcc/arm-atollic-eabi/6.3.1/../../../../arm-atollic-eabi/lib/armv7e-m/fpu\libc_nano.a(lib_a-mbtowc_r.o)
 .ARM.attributes
                0x000004c8       0x34 d:/atollic/truestudio for stm32 9.3.0/armtools/bin/../lib/gcc/arm-atollic-eabi/6.3.1/../../../../arm-atollic-eabi/lib/armv7e-m/fpu\libc_nano.a(lib_a-wctomb_r.o)
 .ARM.attributes
                0x000004fc       0x34 d:/atollic/truestudio for stm32 9.3.0/armtools/bin/../lib/gcc/arm-atollic-eabi/6.3.1/../../../../arm-atollic-eabi/lib/armv7e-m/fpu\libc_nano.a(lib_a-ctype_.o)
 .ARM.attributes
                0x00000530       0x22 d:/atollic/truestudio for stm32 9.3.0/armtools/bin/../lib/gcc/arm-atollic-eabi/6.3.1/armv7e-m/fpu\libgcc.a(_aeabi_uldivmod.o)
 .ARM.attributes
                0x00000552       0x34 d:/atollic/truestudio for stm32 9.3.0/armtools/bin/../lib/gcc/arm-atollic-eabi/6.3.1/armv7e-m/fpu\libgcc.a(_udivmoddi4.o)
 .ARM.attributes
                0x00000586       0x22 d:/atollic/truestudio for stm32 9.3.0/armtools/bin/../lib/gcc/arm-atollic-eabi/6.3.1/armv7e-m/fpu\libgcc.a(_dvmd_tls.o)
 .ARM.attributes
                0x000005a8       0x22 d:/atollic/truestudio for stm32 9.3.0/armtools/bin/../lib/gcc/arm-atollic-eabi/6.3.1/armv7e-m/fpu/crtn.o
OUTPUT(uart_btld_no_interrupts.elf elf32-littlearm)

.debug_info     0x00000000     0x8265
 .debug_info    0x00000000      0xa41 Drivers\STM32F4xx_HAL_Driver\Src\stm32f4xx_hal.o
 .debug_info    0x00000a41      0xf57 Drivers\STM32F4xx_HAL_Driver\Src\stm32f4xx_hal_cortex.o
 .debug_info    0x00001998      0x7c3 Drivers\STM32F4xx_HAL_Driver\Src\stm32f4xx_hal_gpio.o
 .debug_info    0x0000215b      0xa97 Drivers\STM32F4xx_HAL_Driver\Src\stm32f4xx_hal_rcc.o
 .debug_info    0x00002bf2      0xbe8 Drivers\STM32F4xx_HAL_Driver\Src\stm32f4xx_hal_rcc_ex.o
 .debug_info    0x000037da     0x16c9 Drivers\STM32F4xx_HAL_Driver\Src\stm32f4xx_hal_uart.o
 .debug_info    0x00004ea3      0x228 Src\btld.o
 .debug_info    0x000050cb      0x53c Src\gpio.o
 .debug_info    0x00005607     0x17a4 Src\main.o
 .debug_info    0x00006dab      0x366 Src\stm32f4xx_hal_msp.o
 .debug_info    0x00007111      0x1b7 Src\stm32f4xx_it.o
 .debug_info    0x000072c8      0x53e Src\system_stm32f4xx.o
 .debug_info    0x00007806      0x9d7 Src\usart.o
 .debug_info    0x000081dd       0x88 startup\startup_stm32f446xx.o

.debug_abbrev   0x00000000     0x196f
 .debug_abbrev  0x00000000      0x23d Drivers\STM32F4xx_HAL_Driver\Src\stm32f4xx_hal.o
 .debug_abbrev  0x0000023d      0x314 Drivers\STM32F4xx_HAL_Driver\Src\stm32f4xx_hal_cortex.o
 .debug_abbrev  0x00000551      0x1ef Drivers\STM32F4xx_HAL_Driver\Src\stm32f4xx_hal_gpio.o
 .debug_abbrev  0x00000740      0x2cb Drivers\STM32F4xx_HAL_Driver\Src\stm32f4xx_hal_rcc.o
 .debug_abbrev  0x00000a0b      0x20d Drivers\STM32F4xx_HAL_Driver\Src\stm32f4xx_hal_rcc_ex.o
 .debug_abbrev  0x00000c18      0x2fb Drivers\STM32F4xx_HAL_Driver\Src\stm32f4xx_hal_uart.o
 .debug_abbrev  0x00000f13       0xff Src\btld.o
 .debug_abbrev  0x00001012      0x173 Src\gpio.o
 .debug_abbrev  0x00001185      0x2cf Src\main.o
 .debug_abbrev  0x00001454      0x116 Src\stm32f4xx_hal_msp.o
 .debug_abbrev  0x0000156a       0xfa Src\stm32f4xx_it.o
 .debug_abbrev  0x00001664      0x10e Src\system_stm32f4xx.o
 .debug_abbrev  0x00001772      0x1eb Src\usart.o
 .debug_abbrev  0x0000195d       0x12 startup\startup_stm32f446xx.o

.debug_loc      0x00000000     0x2cdd
 .debug_loc     0x00000000      0x11b Drivers\STM32F4xx_HAL_Driver\Src\stm32f4xx_hal.o
 .debug_loc     0x0000011b      0x4fb Drivers\STM32F4xx_HAL_Driver\Src\stm32f4xx_hal_cortex.o
 .debug_loc     0x00000616      0x378 Drivers\STM32F4xx_HAL_Driver\Src\stm32f4xx_hal_gpio.o
 .debug_loc     0x0000098e      0x336 Drivers\STM32F4xx_HAL_Driver\Src\stm32f4xx_hal_rcc.o
 .debug_loc     0x00000cc4      0xa31 Drivers\STM32F4xx_HAL_Driver\Src\stm32f4xx_hal_rcc_ex.o
 .debug_loc     0x000016f5     0x1335 Drivers\STM32F4xx_HAL_Driver\Src\stm32f4xx_hal_uart.o
 .debug_loc     0x00002a2a       0x5a Src\btld.o
 .debug_loc     0x00002a84       0xe5 Src\main.o
 .debug_loc     0x00002b69      0x11c Src\system_stm32f4xx.o
 .debug_loc     0x00002c85       0x58 Src\usart.o

.debug_aranges  0x00000000      0x5f8
 .debug_aranges
                0x00000000       0xe8 Drivers\STM32F4xx_HAL_Driver\Src\stm32f4xx_hal.o
 .debug_aranges
                0x000000e8       0xa8 Drivers\STM32F4xx_HAL_Driver\Src\stm32f4xx_hal_cortex.o
 .debug_aranges
                0x00000190       0x58 Drivers\STM32F4xx_HAL_Driver\Src\stm32f4xx_hal_gpio.o
 .debug_aranges
                0x000001e8       0x88 Drivers\STM32F4xx_HAL_Driver\Src\stm32f4xx_hal_rcc.o
 .debug_aranges
                0x00000270       0x78 Drivers\STM32F4xx_HAL_Driver\Src\stm32f4xx_hal_rcc_ex.o
 .debug_aranges
                0x000002e8      0x170 Drivers\STM32F4xx_HAL_Driver\Src\stm32f4xx_hal_uart.o
 .debug_aranges
                0x00000458       0x40 Src\btld.o
 .debug_aranges
                0x00000498       0x20 Src\gpio.o
 .debug_aranges
                0x000004b8       0x58 Src\main.o
 .debug_aranges
                0x00000510       0x20 Src\stm32f4xx_hal_msp.o
 .debug_aranges
                0x00000530       0x48 Src\stm32f4xx_it.o
 .debug_aranges
                0x00000578       0x28 Src\system_stm32f4xx.o
 .debug_aranges
                0x000005a0       0x30 Src\usart.o
 .debug_aranges
                0x000005d0       0x28 startup\startup_stm32f446xx.o

.debug_ranges   0x00000000      0x6d8
 .debug_ranges  0x00000000       0xd8 Drivers\STM32F4xx_HAL_Driver\Src\stm32f4xx_hal.o
 .debug_ranges  0x000000d8      0x128 Drivers\STM32F4xx_HAL_Driver\Src\stm32f4xx_hal_cortex.o
 .debug_ranges  0x00000200       0x68 Drivers\STM32F4xx_HAL_Driver\Src\stm32f4xx_hal_gpio.o
 .debug_ranges  0x00000268       0xb0 Drivers\STM32F4xx_HAL_Driver\Src\stm32f4xx_hal_rcc.o
 .debug_ranges  0x00000318       0x80 Drivers\STM32F4xx_HAL_Driver\Src\stm32f4xx_hal_rcc_ex.o
 .debug_ranges  0x00000398      0x178 Drivers\STM32F4xx_HAL_Driver\Src\stm32f4xx_hal_uart.o
 .debug_ranges  0x00000510       0x30 Src\btld.o
 .debug_ranges  0x00000540       0x48 Src\gpio.o
 .debug_ranges  0x00000588       0x80 Src\main.o
 .debug_ranges  0x00000608       0x28 Src\stm32f4xx_hal_msp.o
 .debug_ranges  0x00000630       0x38 Src\stm32f4xx_it.o
 .debug_ranges  0x00000668       0x18 Src\system_stm32f4xx.o
 .debug_ranges  0x00000680       0x38 Src\usart.o
 .debug_ranges  0x000006b8       0x20 startup\startup_stm32f446xx.o

.debug_line     0x00000000     0x32db
 .debug_line    0x00000000      0x3f3 Drivers\STM32F4xx_HAL_Driver\Src\stm32f4xx_hal.o
 .debug_line    0x000003f3      0x42e Drivers\STM32F4xx_HAL_Driver\Src\stm32f4xx_hal_cortex.o
 .debug_line    0x00000821      0x3af Drivers\STM32F4xx_HAL_Driver\Src\stm32f4xx_hal_gpio.o
 .debug_line    0x00000bd0      0x4cc Drivers\STM32F4xx_HAL_Driver\Src\stm32f4xx_hal_rcc.o
 .debug_line    0x0000109c      0x6cb Drivers\STM32F4xx_HAL_Driver\Src\stm32f4xx_hal_rcc_ex.o
 .debug_line    0x00001767      0xb4e Drivers\STM32F4xx_HAL_Driver\Src\stm32f4xx_hal_uart.o
 .debug_line    0x000022b5      0x1db Src\btld.o
 .debug_line    0x00002490      0x1d1 Src\gpio.o
 .debug_line    0x00002661      0x431 Src\main.o
 .debug_line    0x00002a92      0x1c7 Src\stm32f4xx_hal_msp.o
 .debug_line    0x00002c59      0x1f5 Src\stm32f4xx_it.o
 .debug_line    0x00002e4e      0x1b6 Src\system_stm32f4xx.o
 .debug_line    0x00003004      0x258 Src\usart.o
 .debug_line    0x0000325c       0x7f startup\startup_stm32f446xx.o

.debug_str      0x00000000     0x2892
 .debug_str     0x00000000      0xba8 Drivers\STM32F4xx_HAL_Driver\Src\stm32f4xx_hal.o
                                0xc2b (size before relaxing)
 .debug_str     0x00000ba8      0x4a8 Drivers\STM32F4xx_HAL_Driver\Src\stm32f4xx_hal_cortex.o
                                0xcd1 (size before relaxing)
 .debug_str     0x00001050      0x1de Drivers\STM32F4xx_HAL_Driver\Src\stm32f4xx_hal_gpio.o
                                0x57b (size before relaxing)
 .debug_str     0x0000122e      0x2ee Drivers\STM32F4xx_HAL_Driver\Src\stm32f4xx_hal_rcc.o
                                0x753 (size before relaxing)
 .debug_str     0x0000151c      0x347 Drivers\STM32F4xx_HAL_Driver\Src\stm32f4xx_hal_rcc_ex.o
                                0x856 (size before relaxing)
 .debug_str     0x00001863      0x94b Drivers\STM32F4xx_HAL_Driver\Src\stm32f4xx_hal_uart.o
                                0xc7e (size before relaxing)
 .debug_str     0x000021ae       0xa6 Src\btld.o
                                0x2ef (size before relaxing)
 .debug_str     0x00002254       0x22 Src\gpio.o
                                0x41b (size before relaxing)
 .debug_str     0x00002276      0x4fc Src\main.o
                                0xf5f (size before relaxing)
 .debug_str     0x00002772       0x1b Src\stm32f4xx_hal_msp.o
                                0x380 (size before relaxing)
 .debug_str     0x0000278d       0xa6 Src\stm32f4xx_it.o
                                0x2c6 (size before relaxing)
 .debug_str     0x00002833       0x45 Src\system_stm32f4xx.o
                                0x3df (size before relaxing)
 .debug_str     0x00002878       0x1a Src\usart.o
                                0x874 (size before relaxing)

.comment        0x00000000       0x7c
 .comment       0x00000000       0x7c Drivers\STM32F4xx_HAL_Driver\Src\stm32f4xx_hal.o
                                 0x7d (size before relaxing)
 .comment       0x0000007c       0x7d Drivers\STM32F4xx_HAL_Driver\Src\stm32f4xx_hal_cortex.o
 .comment       0x0000007c       0x7d Drivers\STM32F4xx_HAL_Driver\Src\stm32f4xx_hal_gpio.o
 .comment       0x0000007c       0x7d Drivers\STM32F4xx_HAL_Driver\Src\stm32f4xx_hal_rcc.o
 .comment       0x0000007c       0x7d Drivers\STM32F4xx_HAL_Driver\Src\stm32f4xx_hal_rcc_ex.o
 .comment       0x0000007c       0x7d Drivers\STM32F4xx_HAL_Driver\Src\stm32f4xx_hal_uart.o
 .comment       0x0000007c       0x7d Src\btld.o
 .comment       0x0000007c       0x7d Src\gpio.o
 .comment       0x0000007c       0x7d Src\main.o
 .comment       0x0000007c       0x7d Src\stm32f4xx_hal_msp.o
 .comment       0x0000007c       0x7d Src\stm32f4xx_it.o
 .comment       0x0000007c       0x7d Src\system_stm32f4xx.o
 .comment       0x0000007c       0x7d Src\usart.o

.debug_frame    0x00000000     0x1054
 .debug_frame   0x00000000      0x1f0 Drivers\STM32F4xx_HAL_Driver\Src\stm32f4xx_hal.o
 .debug_frame   0x000001f0      0x158 Drivers\STM32F4xx_HAL_Driver\Src\stm32f4xx_hal_cortex.o
 .debug_frame   0x00000348       0xd8 Drivers\STM32F4xx_HAL_Driver\Src\stm32f4xx_hal_gpio.o
 .debug_frame   0x00000420      0x13c Drivers\STM32F4xx_HAL_Driver\Src\stm32f4xx_hal_rcc.o
 .debug_frame   0x0000055c      0x150 Drivers\STM32F4xx_HAL_Driver\Src\stm32f4xx_hal_rcc_ex.o
 .debug_frame   0x000006ac      0x4a0 Drivers\STM32F4xx_HAL_Driver\Src\stm32f4xx_hal_uart.o
 .debug_frame   0x00000b4c       0x60 Src\btld.o
 .debug_frame   0x00000bac       0x30 Src\gpio.o
 .debug_frame   0x00000bdc       0xc8 Src\main.o
 .debug_frame   0x00000ca4       0x28 Src\stm32f4xx_hal_msp.o
 .debug_frame   0x00000ccc       0xa0 Src\stm32f4xx_it.o
 .debug_frame   0x00000d6c       0x38 Src\system_stm32f4xx.o
 .debug_frame   0x00000da4       0x60 Src\usart.o
 .debug_frame   0x00000e04       0x30 d:/atollic/truestudio for stm32 9.3.0/armtools/bin/../lib/gcc/arm-atollic-eabi/6.3.1/../../../../arm-atollic-eabi/lib/armv7e-m/fpu\libc_nano.a(lib_a-atoi.o)
 .debug_frame   0x00000e34       0x2c d:/atollic/truestudio for stm32 9.3.0/armtools/bin/../lib/gcc/arm-atollic-eabi/6.3.1/../../../../arm-atollic-eabi/lib/armv7e-m/fpu\libc_nano.a(lib_a-init.o)
 .debug_frame   0x00000e60       0x20 d:/atollic/truestudio for stm32 9.3.0/armtools/bin/../lib/gcc/arm-atollic-eabi/6.3.1/../../../../arm-atollic-eabi/lib/armv7e-m/fpu\libc_nano.a(lib_a-memset.o)
 .debug_frame   0x00000e80       0x88 d:/atollic/truestudio for stm32 9.3.0/armtools/bin/../lib/gcc/arm-atollic-eabi/6.3.1/../../../../arm-atollic-eabi/lib/armv7e-m/fpu\libc_nano.a(lib_a-strtol.o)
 .debug_frame   0x00000f08       0x68 d:/atollic/truestudio for stm32 9.3.0/armtools/bin/../lib/gcc/arm-atollic-eabi/6.3.1/../../../../arm-atollic-eabi/lib/armv7e-m/fpu\libc_nano.a(lib_a-locale.o)
 .debug_frame   0x00000f70       0x48 d:/atollic/truestudio for stm32 9.3.0/armtools/bin/../lib/gcc/arm-atollic-eabi/6.3.1/../../../../arm-atollic-eabi/lib/armv7e-m/fpu\libc_nano.a(lib_a-mbtowc_r.o)
 .debug_frame   0x00000fb8       0x3c d:/atollic/truestudio for stm32 9.3.0/armtools/bin/../lib/gcc/arm-atollic-eabi/6.3.1/../../../../arm-atollic-eabi/lib/armv7e-m/fpu\libc_nano.a(lib_a-wctomb_r.o)
 .debug_frame   0x00000ff4       0x2c d:/atollic/truestudio for stm32 9.3.0/armtools/bin/../lib/gcc/arm-atollic-eabi/6.3.1/armv7e-m/fpu\libgcc.a(_aeabi_uldivmod.o)
 .debug_frame   0x00001020       0x34 d:/atollic/truestudio for stm32 9.3.0/armtools/bin/../lib/gcc/arm-atollic-eabi/6.3.1/armv7e-m/fpu\libgcc.a(_udivmoddi4.o)
